// Jest Snapshot v1, https://goo.gl/fbAQLP

exports[`Left Arrow Component it matches the snapshot 1`] = `
<div
  className="arrow"
>
  <img
    alt="Left Arrow"
    aria-hidden="true"
    src="left-arrow.svg"
  />
</div>
`;
